{"requestId": "2654-4b64-97ff-b827b542881d241475", "errorCode": "400.002.02", "errorMessage": "Bad Request - Invalid PhoneNumber"}
{"requestId": "2654-4b64-97ff-b827b542881d241485", "errorCode": "400.002.02", "errorMessage": "Bad Request - Invalid CallBackURL"}
{"requestId": "f1e2-4b95-a71d-b30d3cdbb7a7983786", "errorCode": "400.002.02", "errorMessage": "Bad Request - Invalid CallBackURL"}
{"requestId": "6e86-45dd-91ac-fd5d4178ab523845893", "errorCode": "500.001.1001", "errorMessage": "Wrong credentials"}
{"requestId": "6e86-45dd-91ac-fd5d4178ab523845896", "errorCode": "500.001.1001", "errorMessage": "Wrong credentials"}
{"MerchantRequestID": "2654-4b64-97ff-b827b542881d241591", "CheckoutRequestID": "ws_CO_24072024181447009743269238", "ResponseCode": "0", "ResponseDescription": "Success. Request accepted for processing", "CustomerMessage": "Success. Request accepted for processing"}
{"MerchantRequestID": "2654-4b64-97ff-b827b542881d241611", "CheckoutRequestID": "ws_CO_24072024181528899743269238", "ResponseCode": "0", "ResponseDescription": "Success. Request accepted for processing", "CustomerMessage": "Success. Request accepted for processing"}
{"MerchantRequestID": "7071-4170-a0e4-8345632bad441693639", "CheckoutRequestID": "ws_CO_24072024181650818743269238", "ResponseCode": "0", "ResponseDescription": "Success. Request accepted for processing", "CustomerMessage": "Success. Request accepted for processing"}
{"requestId": "1c5b-4ba8-815c-ac45c57a3db01697392", "errorCode": "500.001.1001", "errorMessage": "Wrong credentials"}
{"MerchantRequestID": "7071-4170-a0e4-8345632bad441693701", "CheckoutRequestID": "ws_CO_24072024182431734743269238", "ResponseCode": "0", "ResponseDescription": "Success. Request accepted for processing", "CustomerMessage": "Success. Request accepted for processing"}
{"MerchantRequestID": "2654-4b64-97ff-b827b542881d241705", "CheckoutRequestID": "ws_CO_24072024182223609743269238", "ResponseCode": "0", "ResponseDescription": "Success. Request accepted for processing", "CustomerMessage": "Success. Request accepted for processing"}
{"requestId": "6543-425e-a177-2e84b1462ecd2520949", "errorCode": "400.002.02", "errorMessage": "Bad Request - Invalid PhoneNumber"}
{"requestId": "8131-4f68-ab7a-5e68879d780e130249", "errorCode": "400.002.02", "errorMessage": "Bad Request - Invalid PhoneNumber"}
{"requestId": "6543-425e-a177-2e84b1462ecd2520962", "errorCode": "400.002.02", "errorMessage": "Bad Request - Invalid PhoneNumber"}
{"requestId": "6543-425e-a177-2e84b1462ecd2520973", "errorCode": "400.002.02", "errorMessage": "Bad Request - Invalid PhoneNumber"}
{"MerchantRequestID": "6543-425e-a177-2e84b1462ecd2521012", "CheckoutRequestID": "ws_CO_28032025104153202701571745", "ResponseCode": "0", "ResponseDescription": "Success. Request accepted for processing", "CustomerMessage": "Success. Request accepted for processing"}
{"MerchantRequestID": "b54f-471d-93d9-f7f3bf3f7c0e3703065", "CheckoutRequestID": "ws_CO_28032025104415695701571745", "ResponseCode": "0", "ResponseDescription": "Success. Request accepted for processing", "CustomerMessage": "Success. Request accepted for processing"}
{"MerchantRequestID": "b3ac-4f86-9167-882bec989b5162304", "CheckoutRequestID": "ws_CO_28032025104813892701571745", "ResponseCode": "0", "ResponseDescription": "Success. Request accepted for processing", "CustomerMessage": "Success. Request accepted for processing"}
{"MerchantRequestID": "027c-413f-b715-561b76afc534713299", "CheckoutRequestID": "ws_CO_28032025105018839701571745", "ResponseCode": "0", "ResponseDescription": "Success. Request accepted for processing", "CustomerMessage": "Success. Request accepted for processing"}
{"MerchantRequestID": "027c-413f-b715-561b76afc534713301", "CheckoutRequestID": "ws_CO_28032025105036516701571745", "ResponseCode": "0", "ResponseDescription": "Success. Request accepted for processing", "CustomerMessage": "Success. Request accepted for processing"}
{"MerchantRequestID": "b3ac-4f86-9167-882bec989b5162361", "CheckoutRequestID": "ws_CO_28032025105224547701571745", "ResponseCode": "0", "ResponseDescription": "Success. Request accepted for processing", "CustomerMessage": "Success. Request accepted for processing"}
{"MerchantRequestID": "b3ac-4f86-9167-882bec989b5162544", "CheckoutRequestID": "ws_CO_28032025105703761701571745", "ResponseCode": "0", "ResponseDescription": "Success. Request accepted for processing", "CustomerMessage": "Success. Request accepted for processing"}
{"MerchantRequestID": "bbcd-4a89-bd1a-6ecdc639893b3700585", "CheckoutRequestID": "ws_CO_28032025110031334701571745", "ResponseCode": "0", "ResponseDescription": "Success. Request accepted for processing", "CustomerMessage": "Success. Request accepted for processing"}
{"requestId": "027c-413f-b715-561b76afc534713573", "errorCode": "500.001.1001", "errorMessage": "Unable to lock subscriber, a transaction is already in process for the current subscriber"}
{"MerchantRequestID": "027c-413f-b715-561b76afc534713585", "CheckoutRequestID": "ws_CO_28032025110112593701571745", "ResponseCode": "0", "ResponseDescription": "Success. Request accepted for processing", "CustomerMessage": "Success. Request accepted for processing"}
{"MerchantRequestID": "bbcd-4a89-bd1a-6ecdc639893b3700613", "CheckoutRequestID": "ws_CO_28032025110208375701571745", "ResponseCode": "0", "ResponseDescription": "Success. Request accepted for processing", "CustomerMessage": "Success. Request accepted for processing"}
{"requestId": "027c-413f-b715-561b76afc534713619", "errorCode": "500.001.1001", "errorMessage": "Unable to lock subscriber, a transaction is already in process for the current subscriber"}
{"MerchantRequestID": "027c-413f-b715-561b76afc534713626", "CheckoutRequestID": "ws_CO_28032025110249903701571745", "ResponseCode": "0", "ResponseDescription": "Success. Request accepted for processing", "CustomerMessage": "Success. Request accepted for processing"}
{"MerchantRequestID": "bbcd-4a89-bd1a-6ecdc639893b3700634", "CheckoutRequestID": "ws_CO_28032025110304417701571745", "ResponseCode": "0", "ResponseDescription": "Success. Request accepted for processing", "CustomerMessage": "Success. Request accepted for processing"}
{"MerchantRequestID": "8131-4f68-ab7a-5e68879d780e130640", "CheckoutRequestID": "ws_CO_28032025110458324701571745", "ResponseCode": "0", "ResponseDescription": "Success. Request accepted for processing", "CustomerMessage": "Success. Request accepted for processing"}
{"requestId": "b3ac-4f86-9167-882bec989b5162756", "errorCode": "500.001.1001", "errorMessage": "Unable to lock subscriber, a transaction is already in process for the current subscriber"}
{"MerchantRequestID": "b3ac-4f86-9167-882bec989b5162788", "CheckoutRequestID": "ws_CO_28032025110621736701571745", "ResponseCode": "0", "ResponseDescription": "Success. Request accepted for processing", "CustomerMessage": "Success. Request accepted for processing"}
{"MerchantRequestID": "b54f-471d-93d9-f7f3bf3f7c0e3703414", "CheckoutRequestID": "ws_CO_28032025110454215701571745", "ResponseCode": "0", "ResponseDescription": "Success. Request accepted for processing", "CustomerMessage": "Success. Request accepted for processing"}
{"MerchantRequestID": "8131-4f68-ab7a-5e68879d780e130796", "CheckoutRequestID": "ws_CO_28032025111231672701571745", "ResponseCode": "0", "ResponseDescription": "Success. Request accepted for processing", "CustomerMessage": "Success. Request accepted for processing"}
{"MerchantRequestID": "b54f-471d-93d9-f7f3bf3f7c0e3703558", "CheckoutRequestID": "ws_CO_28032025111453692701571745", "ResponseCode": "0", "ResponseDescription": "Success. Request accepted for processing", "CustomerMessage": "Success. Request accepted for processing"}
{"MerchantRequestID": "b54f-471d-93d9-f7f3bf3f7c0e3703632", "CheckoutRequestID": "ws_CO_28032025111747806701571745", "ResponseCode": "0", "ResponseDescription": "Success. Request accepted for processing", "CustomerMessage": "Success. Request accepted for processing"}
{"MerchantRequestID": "027c-413f-b715-561b76afc534714102", "CheckoutRequestID": "ws_CO_28032025112149446701571745", "ResponseCode": "0", "ResponseDescription": "Success. Request accepted for processing", "CustomerMessage": "Success. Request accepted for processing"}
{"MerchantRequestID": "027c-413f-b715-561b76afc534714115", "CheckoutRequestID": "ws_CO_28032025112106797701571745", "ResponseCode": "0", "ResponseDescription": "Success. Request accepted for processing", "CustomerMessage": "Success. Request accepted for processing"}
{"MerchantRequestID": "027c-413f-b715-561b76afc534714425", "CheckoutRequestID": "ws_CO_28032025113420959793057720", "ResponseCode": "0", "ResponseDescription": "Success. Request accepted for processing", "CustomerMessage": "Success. Request accepted for processing"}
{"requestId": "027c-413f-b715-561b76afc534715091", "errorCode": "400.002.02", "errorMessage": "Bad Request - Invalid PhoneNumber"}
{"requestId": "b3ac-4f86-9167-882bec989b5163902", "errorCode": "400.002.02", "errorMessage": "Bad Request - Invalid PhoneNumber"}
{"requestId": "b3ac-4f86-9167-882bec989b5163908", "errorCode": "500.003.02", "errorMessage": "System is busy. Please try again in few minutes."}
{"MerchantRequestID": "027c-413f-b715-561b76afc534715111", "CheckoutRequestID": "ws_CO_28032025115503016793057720", "ResponseCode": "0", "ResponseDescription": "Success. Request accepted for processing", "CustomerMessage": "Success. Request accepted for processing"}
